// Jest Snapshot v1, https://goo.gl/fbAQLP

exports[`Footer component should match component snapshot 1`] = `
<div
  className="footer__container"
>
  <p>
    Copyright Â© 2019. All rights reserved.
  </p>
</div>
`;
